// Jest Snapshot v1, https://goo.gl/fbAQLP

exports[`AddressCard matches snapshot 1`] = `
<View
  style={
    {
      "backgroundColor": "#FFF",
      "borderColor": "#E8E8E8",
      "borderRadius": 8,
      "borderWidth": 1,
      "padding": 16,
    }
  }
>
  <Text
    style={
      [
        {
          "fontSize": 18,
        },
        {
          "color": "#333",
          "fontFamily": "Open Sans",
          "fontWeight": "bold",
        },
        {
          "color": "#121212",
          "marginBottom": 16,
        },
      ]
    }
  >
    Address
  </Text>
  <View
    style={
      {
        "alignItems": "flex-start",
        "flexDirection": "row",
      }
    }
  >
    <View
      style={
        {
          "alignItems": "center",
          "backgroundColor": "#FAF9FD",
          "borderRadius": 50,
          "height": 44,
          "justifyContent": "center",
          "width": 44,
        }
      }
    >
      <RNSVGSvgView
        bbHeight={20}
        bbWidth={18}
        color="#54408C"
        fill="none"
        focusable={false}
        height={20}
        style={
          [
            {
              "backgroundColor": "transparent",
              "borderWidth": 0,
            },
            {
              "flex": 0,
              "height": 20,
              "width": 18,
            },
          ]
        }
        width={18}
      >
        <RNSVGGroup
          fill={null}
          propList={
            [
              "fill",
            ]
          }
        >
          <RNSVGPath
            clipRule={0}
            d="M.5 8.318C.5 3.718 4.344 0 8.993 0 13.656 0 17.5 3.718 17.5 8.318c0 2.318-.843 4.47-2.23 6.294a22.064 22.064 0 0 1-5.541 5.14c-.486.318-.925.342-1.459 0a21.64 21.64 0 0 1-5.54-5.14C1.343 12.788.5 10.636.5 8.318Zm5.694.259c0 1.54 1.258 2.753 2.8 2.753 1.542 0 2.812-1.212 2.812-2.753 0-1.53-1.27-2.8-2.813-2.8a2.813 2.813 0 0 0-2.799 2.8Z"
            fill={
              {
                "type": 2,
              }
            }
            fillRule={0}
            propList={
              [
                "fill",
                "fillRule",
              ]
            }
          />
        </RNSVGGroup>
      </RNSVGSvgView>
    </View>
    <View
      style={
        {
          "flex": 1,
          "justifyContent": "center",
          "marginHorizontal": 16,
        }
      }
    >
      <Text
        style={
          [
            {
              "color": "#333",
              "fontFamily": "Roboto-Bold",
              "fontSize": 16,
              "lineHeight": 24,
            },
            {
              "color": "#121212",
              "lineHeight": 24,
            },
          ]
        }
      >
        Utama Street No.20
      </Text>
      <Text
        style={
          [
            {
              "color": "#333",
              "fontFamily": "Roboto-Regular",
              "fontSize": 14,
              "lineHeight": 20,
            },
            {
              "color": "#A5A5A5",
              "lineHeight": 20,
            },
          ]
        }
      >
        Dumbo Street No.20, Dumbo, New York 10001, United States
      </Text>
      <View
        accessibilityState={
          {
            "busy": undefined,
            "checked": undefined,
            "disabled": false,
            "expanded": undefined,
            "selected": undefined,
          }
        }
        accessibilityValue={
          {
            "max": undefined,
            "min": undefined,
            "now": undefined,
            "text": undefined,
          }
        }
        accessible={true}
        collapsable={false}
        focusable={true}
        onClick={[Function]}
        onResponderGrant={[Function]}
        onResponderMove={[Function]}
        onResponderRelease={[Function]}
        onResponderTerminate={[Function]}
        onResponderTerminationRequest={[Function]}
        onStartShouldSetResponder={[Function]}
        style={
          {
            "alignItems": "center",
            "backgroundColor": "#FAF9FD",
            "borderRadius": 40,
            "flexDirection": "row",
            "height": 36,
            "justifyContent": "center",
            "marginTop": 16,
            "maxWidth": 100,
            "opacity": 1,
            "paddingHorizontal": 20,
          }
        }
      >
        <Text
          style={
            [
              {
                "fontWeight": "700",
                "textAlign": "center",
              },
              {
                "color": "#54408C",
              },
              {
                "fontSize": 16,
              },
            ]
          }
        >
          Change
        </Text>
      </View>
    </View>
    <RNSVGSvgView
      bbHeight={24}
      bbWidth={24}
      color="#121212"
      fill="none"
      focusable={false}
      height={24}
      style={
        [
          {
            "backgroundColor": "transparent",
            "borderWidth": 0,
          },
          {
            "marginTop": 14,
          },
          {
            "flex": 0,
            "height": 24,
            "width": 24,
          },
        ]
      }
      width={24}
    >
      <RNSVGGroup
        fill={null}
        propList={
          [
            "fill",
          ]
        }
      >
        <RNSVGPath
          d="m8.5 5 7 7-7 7"
          fill={
            {
              "payload": 4278190080,
              "type": 0,
            }
          }
          propList={
            [
              "stroke",
              "strokeWidth",
              "strokeLinecap",
              "strokeLinejoin",
            ]
          }
          stroke={
            {
              "type": 2,
            }
          }
          strokeLinecap={1}
          strokeLinejoin={1}
          strokeWidth={2}
        />
      </RNSVGGroup>
    </RNSVGSvgView>
  </View>
</View>
`;
