// Jest Snapshot v1, https://goo.gl/fbAQLP

exports[`AddressCard matches snapshot 1`] = `
<View
  style={
    {
      "backgroundColor": "#fff",
      "borderColor": "#E8E8E8",
      "borderRadius": 8,
      "borderWidth": 1,
      "padding": 16,
    }
  }
>
  <Text
    style={
      [
        {
          "fontSize": 18,
        },
        {
          "color": "#333",
          "fontFamily": "Open Sans",
          "fontWeight": "bold",
        },
        {
          "color": "#121212",
          "marginBottom": 16,
        },
      ]
    }
  >
    Address
  </Text>
  <View
    style={
      {
        "alignItems": "flex-start",
        "flexDirection": "row",
      }
    }
  >
    <View
      style={
        {
          "alignItems": "center",
          "backgroundColor": "#FAF9FD",
          "borderRadius": 50,
          "height": 44,
          "justifyContent": "center",
          "width": 44,
        }
      }
    >
      <Icon
        color="#54408C"
        name="map-pin"
        size={24}
      />
    </View>
    <View
      style={
        {
          "flex": 1,
          "justifyContent": "center",
          "marginHorizontal": 16,
        }
      }
    >
      <Text
        style={
          [
            {
              "color": "#333",
              "fontFamily": "Roboto-Bold",
              "fontSize": 16,
            },
            {
              "color": "#121212",
              "lineHeight": 24,
            },
          ]
        }
      >
        Utama Street No.20
      </Text>
      <Text
        style={
          [
            {
              "color": "#333",
              "fontFamily": "Roboto-Regular",
              "fontSize": 14,
            },
            {
              "color": "#A5A5A5",
              "lineHeight": 20,
            },
          ]
        }
      >
        Dumbo Street No.20, Dumbo, New York 10001, United States
      </Text>
      <View
        accessibilityState={
          {
            "busy": undefined,
            "checked": undefined,
            "disabled": false,
            "expanded": undefined,
            "selected": undefined,
          }
        }
        accessibilityValue={
          {
            "max": undefined,
            "min": undefined,
            "now": undefined,
            "text": undefined,
          }
        }
        accessible={true}
        collapsable={false}
        focusable={true}
        onClick={[Function]}
        onResponderGrant={[Function]}
        onResponderMove={[Function]}
        onResponderRelease={[Function]}
        onResponderTerminate={[Function]}
        onResponderTerminationRequest={[Function]}
        onStartShouldSetResponder={[Function]}
        style={
          {
            "alignItems": "center",
            "backgroundColor": "#FAF9FD",
            "borderRadius": 40,
            "flexDirection": "row",
            "height": 36,
            "justifyContent": "center",
            "marginTop": 16,
            "maxWidth": 100,
            "opacity": 1,
            "paddingHorizontal": 20,
          }
        }
      >
        <Text
          style={
            [
              {
                "fontWeight": "700",
                "textAlign": "center",
              },
              {
                "color": "#54408C",
              },
              {
                "fontSize": 16,
              },
            ]
          }
        >
          Change
        </Text>
      </View>
    </View>
    <Icon
      color="#121212"
      name="chevron-right"
      size={24}
      style={
        {
          "marginTop": 14,
        }
      }
    />
  </View>
</View>
`;
